// Jest Snapshot v1, https://goo.gl/fbAQLP

exports[`Pruebas en EntryView debe de mostrar la entrada correctamente 1`] = `
<div class="entry-title d-flex justify-content-between p-2">
  <div><span class="text-success fs-3 fw-bold">9</span><span class="mx-1 fs-3">Marzo</span><span class="mx-2 fs-4 fw-ligth">2023, Jueves</span></div>
  <div><input type="file" accept="image/png, image/jpeg" style="display: none;"><button class="btn btn-danger mx-2" data-testid="btn-delete"> Borrar <i class="fa fa-trash-alt"></i></button><button class="btn btn-primary"> Subir foto <i class="fa fa-upload"></i></button></div>
</div>
<hr>
<div class="d-flex flex-column px-3 h-75"><textarea placeholder="¿Qué sucedió hoy?">
      </textarea></div>
<fab-stub icon="fa-floppy-disk"></fab-stub>
<!--v-if-->
<!--v-if-->
`;
